NOTE: Never work on the main branch,
Clone the repo into your local --> Move into repositry --> Pull the latest main branch, be in sync with the main branch --> then create your own branch and start working/updating
=============================================================================
GitHub: https://github.com/discover-devops?tab=repositories
https://github.com/discover-devops/About-Me
https://github.com/discover-devops/About-Me/blob/main/Who%20AM%20I.md
https://www.youtube.com/@BuildAutomateArchitect

LinkedIn https://www.linkedin.com/in/unametechnology/

PS1="Git_Local $ "

These are common Git commands used in various situations:

start a working area (see also: git help tutorial)
   clone     Clone a repository into a new directory
   init      Create an empty Git repository or reinitialize an existing one

work on the current change (see also: git help everyday)
   add       Add file contents to the index
   mv        Move or rename a file, a directory, or a symlink
   restore   Restore working tree files
   rm        Remove files from the working tree and from the index

examine the history and state (see also: git help revisions)
   bisect    Use binary search to find the commit that introduced a bug
   diff      Show changes between commits, commit and working tree, etc
   grep      Print lines matching a pattern
   log       Show commit logs
   show      Show various types of objects
   status    Show the working tree status

grow, mark and tweak your common history
   branch    List, create, or delete branches
   commit    Record changes to the repository
   merge     Join two or more development histories together
   rebase    Reapply commits on top of another base tip
   reset     Reset current HEAD to the specified state
   switch    Switch branches
   tag       Create, list, delete or verify a tag object signed with GPG

collaborate (see also: git help workflows)
   fetch     Download objects and refs from another repository
   pull      Fetch from and integrate with another repository or a local branch
   push      Update remote refs along with associated objects


Syntax of Git Command:
======================

$ git + VERB + Switches
$ git init

STEP 1
--------------

Git_Local $ git --version
git version 2.37.3.windows.1
Git_Local $

git -v 

STEP 2
-----------
Create a Working Director

$ mkdir git-lab

$ cd git-lab

STEP 3
------
Initialize Git Repository

$ git init

Git creates a hidden .git directory  -----------> This .git folder is "Gir REPO"

Git_Local $ git init
Initialized empty Git repository in R:/5thMay2026_devOps_batch/.git/
Git_Local $


STEP 4
Configure Git Username

$ git config --global user.name "Your_Name"

git config --global user.name "Kumar"

STEP 5
Configure Git Email

git config --global user.email "yourmail@example.com"
git config --global user.email "kumar@example.com"

WHY THIS CONFIGURATION IS IMPORTANT  ------> Whenever you create a commit

--global : Apply this configuration to ALL Git repositories for the CURRENT USER on this machine.

STEP 6
Verify Git Configuration
git config --global --list

Git_Local $ touch my_file.txt
Git_Local $ ls
my_file.txt
Git_Local $
Git_Local $
Git_Local $ git status
On branch main

No commits yet

Untracked files:
  (use "git add <file>..." to include in what will be committed)
        my_file.txt

nothing added to commit but untracked files present (use "git add" to track)
Git_Local $ git add my_file.txt
Git_Local $ git status
On branch main

No commits yet

Changes to be committed:
  (use "git rm --cached <file>..." to unstage)
        new file:   my_file.txt

Git_Local $ git commit -m "Added one new file"
[main (root-commit) 38ebd3d] Added one new file
 1 file changed, 0 insertions(+), 0 deletions(-)
 create mode 100644 my_file.txt
Git_Local $

=========================================================================
git remote add origin https://github.com/1418-jatin/git-lab-jatin.git
git remote set-url origin https://token(classic)/<username>/<reponame>

===================================================================================================

Commands to sync VM's with Github repository:

git remote add origin https://github.com/18jatin/Git-Devops.git
While pushing the master files to our github repository, no need for authentication instead create token from your settings->develper settings-> token(classic)-> generate new token(classic)-> give name of token-> generate token.
Then use the below command and run it in your VM machine before pushing your code to github repository


Format/Syntax to write token for Git: git remote set-url origin https://<token>@github.com/<username>/<reponame

My repo authentication code with token: git remote set-url origin https://token(classic)@github.com/18jatin/Git-Devops
git push origin master (same command to push your file to your github repository after authentication)
git pull origin <master branch>
or
git pull <url link of github repo>
====================================================================
Difference between Git fetch and Git pull

The key difference is that git fetch only downloads changes from the remote repository without touching your working files, while git pull downloads and immediately integrates those changes into your current branch (via merge or rebase).

-->git fetch is like checking what’s new on the remote repo without touching your local work. It downloads all the latest commits, branches, and tags from the remote into your local .git folder, but it doesn’t change your working files 
   or your current branch. You can then inspect those changes with commands like git log origin/main or git diff main origin/main.
-->git pull is basically git fetch + git merge (or rebase, depending on your config). It not only downloads the changes but also immediately tries to integrate them into your current branch. That’s why you sometimes see merge conflicts 
   when you run git pull.

Think of it like this:
git fetch → “Bring me the news, but don’t act on it yet.”
git pull → “Bring me the news and apply it right now.”

👉 Best practice:
Use git fetch when you want to review changes first before merging.
Use git pull when you’re confident and just want to update quickly.

===================================================================

Example Workflow
-->Using git fetch:

git fetch origin
git log HEAD..origin/main --> to check the changes made in remote repo, and compare the difference with local repo
→ Lets you inspect new commits before merging.
================================================================
-->Using git pull:

git pull origin main
→ Immediately merges remote changes into your current branch.

